[backblue.gif]
[fade.gif]
[index.html]
[www.tokogame.com/index.html]
[www.tokogame.com/id-id.html]
[www.tokogame.com/assets/game.svg]
[www.tokogame.com/assets/promo.svg]
[www.tokogame.com/assets/chat.svg]
[www.tokogame.com/assets/voucher.svg]
[www.tokogame.com/assets/tokogame-green-transparent.png]
[www.tokogame.com/assets/share.png]
[www.tokogame.com/favicon.ico]
[www.tokogame.com/en-id.html]
[www.tokogame.com/en-my.html]
[blog.tokogame.com/wp-content/uploads/2026/04/Gord-Techno-Hazard-MLBB.jpg]
[blog.tokogame.com/wp-content/uploads/2026/04/Mask-Spirits-Huang-Zhong-1.jpg]
[blog.tokogame.com/wp-content/uploads/2026/04/MLBB-Hook-War-1.jpg]
[blog.tokogame.com/wp-content/uploads/2026/04/Ray-Free-Fire-2.jpg]
[blog.tokogame.com/wp-content/uploads/2026/04/Bundle-Panther-FF.jpg]
[blog.tokogame.com/wp-content/uploads/2026/04/misteri-bawah-laut-free-fire-4.jpg]
[www.tokogame.com/assets/search.svg]
[www.tokogame.com/assets/Rectangle.svg]
[www.tokogame.com/assets/arrow.svg]
[www.tokogame.com/manifest.json]
[www.tokogame.com/icon.png]
[www.tokogame.com/fonts/hemihead.woff2]
[www.tokogame.com/icon-192x192.png]
[www.tokogame.com/_next/static/css/0f72cdb4afc5757d.css]
[www.tokogame.com/_next/static/css/b286fddf2223d8d5.css]
[www.tokogame.com/_next/static/chunks/webpack-efd9341ed0b3dcf9.js]
[www.tokogame.com/_next/static/chunks/polyfills-42372ed130431b0a.js]
[www.tokogame.com/_next/static/chunks/vendors-aa398263-58009f3877f87753.js]
[www.tokogame.com/_next/static/chunks/vendors-c0d76f48-896efe00cbac7ac7.js]
[www.tokogame.com/_next/static/chunks/vendors-d8b5337c-1a5a670a389dc59b.js]
[www.tokogame.com/_next/static/chunks/vendors-ef39e8ad-2b1c055fd765301c.js]
[www.tokogame.com/_next/static/chunks/vendors-0d0741b2-7a5ca6241d336310.js]
[www.tokogame.com/_next/static/chunks/vendors-fa891bfe-5b149468c563edf1.js]
[www.tokogame.com/_next/static/chunks/vendors-6a22eb2c-c76ebf4a73311991.js]
[www.tokogame.com/_next/static/chunks/vendors-bc050c32-779138b60f9d62bd.js]
[www.tokogame.com/_next/static/chunks/vendors-2c5a8e32-9bd67eb4580b449a.js]
[www.tokogame.com/_next/static/chunks/vendors-d9768cc7-ce55b0a83ccef269.js]
[www.tokogame.com/_next/static/chunks/vendors-37a93c5f-768fbffc107371de.js]
[www.tokogame.com/_next/static/chunks/vendors-81301cb0-768b74d6365e2386.js]
[www.tokogame.com/_next/static/chunks/vendors-fc1f387d-295fdbcba5872bea.js]
[www.tokogame.com/_next/static/chunks/vendors-99f02757-388ffb5d249a871f.js]
[www.tokogame.com/_next/static/chunks/vendors-b49fab05-e537154c3febd802.js]
[www.tokogame.com/_next/static/chunks/vendors-f94a49a9-2455b485a3e377b1.js]
[www.tokogame.com/_next/static/chunks/vendors-f67df17f-5d420d697b2984dc.js]
[www.tokogame.com/_next/static/chunks/vendors-3826741e-319695b2a69b41bd.js]
[www.tokogame.com/_next/static/chunks/vendors-d7c15829-1710eeea1a24f0d3.js]
[www.tokogame.com/_next/static/chunks/vendors-85cb083c-48b7cbf1c65e14d7.js]
[www.tokogame.com/_next/static/chunks/vendors-a6f90180-9597d1f55e4aa5de.js]
[www.tokogame.com/_next/static/chunks/vendors-d91c2bd6-60c60b42c1d9a030.js]
[www.tokogame.com/_next/static/chunks/vendors-42bbf998-1ae0d63493f8c2a1.js]
[www.tokogame.com/_next/static/chunks/vendors-d993f30a-4c0cfe5ded053b67.js]
[www.tokogame.com/_next/static/chunks/vendors-2898f16f-1995f17611d52978.js]
[www.tokogame.com/_next/static/chunks/vendors-08d3800b-fd8642ed5d9e3089.js]
[www.tokogame.com/_next/static/chunks/vendors-0479809e-8af3b8a8c18682de.js]
[www.tokogame.com/_next/static/chunks/vendors-51adbdab-c868d06e902beec8.js]
[www.tokogame.com/_next/static/chunks/vendors-d99e9137-9d61abc6b3991cfb.js]
[www.tokogame.com/_next/static/chunks/vendors-c50f74b6-cc7e845b1a9a2f95.js]
[www.tokogame.com/_next/static/chunks/vendors-50aa57d8-0a0465557a7f4f43.js]
[www.tokogame.com/_next/static/chunks/vendors-189230b0-bed110771e4598d1.js]
[www.tokogame.com/_next/static/chunks/vendors-ac3d89eb-6553c44c4ff27721.js]
[www.tokogame.com/_next/static/chunks/vendors-55235458-0649449d3c343a55.js]
[www.tokogame.com/_next/static/chunks/vendors-12e9cd49-1295c86ec2680b69.js]
[www.tokogame.com/_next/static/chunks/vendors-a134a9e6-f53348dae53dd25c.js]
[www.tokogame.com/_next/static/chunks/vendors-eb5ba19c-3be948e2b2f5e8df.js]
[www.tokogame.com/_next/static/chunks/vendors-d02299b9-45791867eef85725.js]
[www.tokogame.com/_next/static/chunks/vendors-9a45cc43-1d40f8605917fae4.js]
[www.tokogame.com/_next/static/chunks/vendors-c4033850-ae42b63e061be7d9.js]
[www.tokogame.com/_next/static/chunks/vendors-860f0def-35293542a4253b16.js]
[www.tokogame.com/_next/static/chunks/vendors-89d5c698-405796ee46264fd8.js]
[www.tokogame.com/_next/static/chunks/vendors-fa70753b-cb41eb6cd744aac7.js]
[www.tokogame.com/_next/static/chunks/vendors-bb49fc46-0cce8dc54020abec.js]
[www.tokogame.com/_next/static/chunks/vendors-742f73ce-03abf84299b0e1d1.js]
[www.tokogame.com/_next/static/chunks/vendors-4866ac3e-2100ea0081837036.js]
[www.tokogame.com/_next/static/chunks/vendors-520a154c-517e6d61afc5aaa2.js]
[www.tokogame.com/_next/static/chunks/vendors-14da7e58-adcc7ffa946e0fd2.js]
[www.tokogame.com/_next/static/chunks/vendors-36496b81-c5afdb7cdfee6be2.js]
[www.tokogame.com/_next/static/chunks/vendors-29136c21-00d81ea47bb8366b.js]
[www.tokogame.com/_next/static/chunks/vendors-1c116885-905a51743cec5417.js]
[www.tokogame.com/_next/static/chunks/vendors-ccdc5e1f-ddcbdeb221df8391.js]
[www.tokogame.com/_next/static/chunks/vendors-5fb865a0-4144bf144c2d8894.js]
[www.tokogame.com/_next/static/chunks/vendors-f9809183-759e97d85b59f25d.js]
[www.tokogame.com/_next/static/chunks/vendors-ea9f0b2a-9b45c79f9b03e6b6.js]
[www.tokogame.com/_next/static/chunks/vendors-ec847047-11e0d5823830736d.js]
[www.tokogame.com/_next/static/chunks/vendors-dcef0fbc-7995dac0fc9d1b16.js]
[www.tokogame.com/_next/static/chunks/vendors-fa3b980b-2deccbc9923ddc45.js]
[www.tokogame.com/_next/static/chunks/vendors-e1e081f6-ce3c980f281364dc.js]
[www.tokogame.com/_next/static/chunks/vendors-25eb2dcd-d3a189feced33002.js]
[www.tokogame.com/_next/static/chunks/vendors-dfc480b1-eadeeef03987deee.js]
[www.tokogame.com/_next/static/chunks/vendors-bfd05009-f792cb7431d3618c.js]
[www.tokogame.com/_next/static/chunks/vendors-2872bf48-2a679ac7a7fca3ae.js]
[www.tokogame.com/_next/static/chunks/vendors-8cbd2506-1022e4d86d31ad50.js]
[www.tokogame.com/_next/static/chunks/vendors-e1f01fa8-1684446052792062.js]
[www.tokogame.com/_next/static/chunks/vendors-44d075c1-5f52d74e3123b54f.js]
[www.tokogame.com/_next/static/chunks/vendors-3c7dce84-1d93859dae381cc4.js]
[www.tokogame.com/_next/static/chunks/vendors-2cc99616-9f3a75166f8e1b45.js]
[www.tokogame.com/_next/static/chunks/vendors-5989be25-f3da722c30b97bcb.js]
[www.tokogame.com/_next/static/chunks/vendors-1c158602-202fcbd01e45464b.js]
[www.tokogame.com/_next/static/chunks/vendors-377fed06-c9351153137f90b2.js]
[www.tokogame.com/_next/static/chunks/main-cff2c2ebfab12915.js]
[www.tokogame.com/_next/static/chunks/pages/_app-57970b80ab78e8f4.js]
[www.tokogame.com/_next/static/chunks/common-58d043b2-7eb6f245f412e963.js]
[www.tokogame.com/_next/static/chunks/common-a3dad144-20a2fb20a561e308.js]
[www.tokogame.com/_next/static/chunks/common-73f10540-ab75f59981c73cb7.js]
[www.tokogame.com/_next/static/chunks/common-dfc0d3ba-072029a88c6674d4.js]
[www.tokogame.com/_next/static/chunks/common-3812de41-2b983167546d543e.js]
[www.tokogame.com/_next/static/chunks/common-d929e15b-13579f5c3b761dc2.js]
[www.tokogame.com/_next/static/chunks/common-bd3dc7d2-86ed758d1964bae7.js]
[www.tokogame.com/_next/static/chunks/common-4c6b37ae-7c6a78d3384278fe.js]
[www.tokogame.com/_next/static/chunks/common-1daae666-c9ccb15ec00264e2.js]
[www.tokogame.com/_next/static/chunks/common-7ec938a2-5d330e5373d2dedd.js]
[www.tokogame.com/_next/static/chunks/common-6b948b9f-b3ebb5f9585de1db.js]
[www.tokogame.com/_next/static/chunks/common-80c67ac6-9f3b411360207ef6.js]
[www.tokogame.com/_next/static/chunks/common-231fb3d3-abb57b16a4542e85.js]
[www.tokogame.com/_next/static/chunks/common-08d3800b-a5b79bcb860b3a52.js]
[www.tokogame.com/_next/static/chunks/common-51adbdab-6c0a5dc543a7165e.js]
[www.tokogame.com/_next/static/chunks/common-a134a9e6-0690e6b2a31ed85c.js]
[www.tokogame.com/_next/static/chunks/common-405f5c02-157454bc2f015198.js]
[www.tokogame.com/_next/static/chunks/common-860f0def-6a4259bf3de7599f.js]
[www.tokogame.com/_next/static/chunks/common-89d5c698-04b4d40192d3e9d0.js]
[www.tokogame.com/_next/static/chunks/common-bf148d61-db98c6c4663593b9.js]
[www.tokogame.com/_next/static/chunks/common-4e144d90-7b9aaef75d99bab7.js]
[www.tokogame.com/_next/static/chunks/common-d42020c6-11051fe29363238d.js]
[www.tokogame.com/_next/static/chunks/common-0c9d76c6-5a7348d2dac51112.js]
[www.tokogame.com/_next/static/chunks/common-1ee1f3e5-7d905128ccad4410.js]
[www.tokogame.com/_next/static/chunks/common-9ce21a0e-6596c8ed1c457d89.js]
[www.tokogame.com/_next/static/chunks/common-90d3c2fc-4fe012ac56aeab14.js]
[www.tokogame.com/_next/static/chunks/common-9be80372-a70998ab66464e13.js]
[www.tokogame.com/_next/static/chunks/common-93d99435-dd949b70b774df5e.js]
[www.tokogame.com/_next/static/chunks/common-1df35cb5-a6376787e5f54518.js]
[www.tokogame.com/_next/static/chunks/common-882393f2-5f05f8716cab0fde.js]
[www.tokogame.com/_next/static/chunks/common-29136c21-b20f60c49025ab61.js]
[www.tokogame.com/_next/static/chunks/common-d7861e2e-38205bb905bc62c9.js]
[www.tokogame.com/_next/static/chunks/common-95ffbada-92de191ba522fe4f.js]
[www.tokogame.com/_next/static/chunks/common-174edbff-dcf5d721f60a9604.js]
[www.tokogame.com/_next/static/chunks/common-3b4a1089-c35f09056d3d26e7.js]
[www.tokogame.com/_next/static/chunks/common-3a4e4b66-2332b8d4a9a35bb4.js]
[www.tokogame.com/_next/static/chunks/common-17ede90a-44fc0b5c639e1b60.js]
[www.tokogame.com/_next/static/chunks/common-4d7fcd94-bc4ba22e325ac4db.js]
[www.tokogame.com/_next/static/chunks/common-06ccfa3f-7d6fd81366379a07.js]
[www.tokogame.com/_next/static/chunks/common-27d9b8ab-be40b1275000cbc2.js]
[www.tokogame.com/_next/static/chunks/common-8cbd2506-1e7d982ae1afa9b6.js]
[www.tokogame.com/_next/static/chunks/common-e9851b76-3289d98330be9475.js]
[www.tokogame.com/_next/static/chunks/common-9b46b067-9220660944c3e7e7.js]
[www.tokogame.com/_next/static/chunks/common-d23bb8b9-508accdc92b1ac5f.js]
[www.tokogame.com/_next/static/chunks/common-6537c7b9-a16710babde654f8.js]
[www.tokogame.com/_next/static/chunks/common-017397ff-f8a00c2a381224ad.js]
[www.tokogame.com/_next/static/chunks/pages/index-1f9cf672e6e5e47c.js]
[www.tokogame.com/_next/static/9X6ppA8GlP4g3cGW23Tjp/_buildManifest.js]
[www.tokogame.com/_next/static/9X6ppA8GlP4g3cGW23Tjp/_ssgManifest.js]
[www.tokogame.com/assets/whatsapp.svg]
[www.tokogame.com/assets/icon-email.svg]
[www.tokogame.com/assets/icon-facebook.svg]
[www.tokogame.com/assets/icon-instagram.svg]
[www.tokogame.com/assets/icon-tiktok.svg]
[www.tokogame.com/assets/icon-twitter.svg]
[www.tokogame.com/assets/icon-youtube.svg]
[www.tokogame.com/_next/static/media/google-playstore.6ba3105b.svg]
[www.tokogame.com/assets/menu_icon.svg]
[static.tokogame.com/cdn-cgi/image/format=auto,quality=80,width=300,onerror=redirect/products/mobile-legends-20260215.png]
[static.tokogame.com/cdn-cgi/image/format=auto,quality=80,width=300,onerror=redirect/products/free-fire-20260131.png]
[static.tokogame.com/cdn-cgi/image/format=auto,quality=80,width=300,onerror=redirect/products/pubgm-241201.png]
[static.tokogame.com/cdn-cgi/image/format=auto,quality=80,width=300,onerror=redirect/products/island-online.jpg]
[static.tokogame.com/cdn-cgi/image/format=auto,quality=80,width=300,onerror=redirect/products/honor-of-kings-20260716.png]
[static.tokogame.com/cdn-cgi/image/format=auto,quality=80,width=300,onerror=redirect/products/bigo-live-20240922.jpg]
[static.tokogame.com/cdn-cgi/image/format=auto,quality=80,width=300,onerror=redirect/products/honkai-star-rail.png]
[static.tokogame.com/cdn-cgi/image/format=auto,quality=80,width=300,onerror=redirect/products/valorant-promo.jpg]
[static.tokogame.com/cdn-cgi/image/format=auto,quality=80,width=300,onerror=redirect/products/genshin-impact.png]
[static.tokogame.com/cdn-cgi/image/format=auto,quality=80,width=300,onerror=redirect/products/kings-choice.png]
[static.tokogame.com/cdn-cgi/image/format=auto,quality=80,width=300,onerror=redirect/products/arena-breakout-20250716.png]
[static.tokogame.com/cdn-cgi/image/format=auto,quality=80,width=300,onerror=redirect/products/magic-chess-go-go-20260716.png]
[static.tokogame.com/cdn-cgi/image/format=auto,quality=80,width=300,onerror=redirect/products/where-winds-meet.jpg]
[static.tokogame.com/cdn-cgi/image/format=auto,quality=80,width=300,onerror=redirect/products/metal-slug-awakening-vng.png]
[static.tokogame.com/cdn-cgi/image/format=auto,quality=80,width=300,onerror=redirect/products/blood-strike.png]
[static.tokogame.com/cdn-cgi/image/format=auto,quality=80,width=300,onerror=redirect/products/ragnarok-m-eternal-love-20260716.png]
[static.tokogame.com/cdn-cgi/image/format=auto,quality=80,width=300,onerror=redirect/products/crystal-of-atlan.jpg]
[static.tokogame.com/cdn-cgi/image/format=auto,quality=80,width=300,onerror=redirect/products/zepeto.jpg]
[static.tokogame.com/cdn-cgi/image/format=auto,quality=80,width=300,onerror=redirect/products/call-of-duty-mobile-20250716.jpg]
[static.tokogame.com/cdn-cgi/image/format=auto,quality=80,width=300,onerror=redirect/products/supersus-promo.png]
[static.tokogame.com/cdn-cgi/image/format=auto,quality=80,width=300,onerror=redirect/products/pokemon-unite.png]
[static.tokogame.com/cdn-cgi/image/format=auto,quality=80,width=300,onerror=redirect/products/ragnarok-sea.png]
[static.tokogame.com/cdn-cgi/image/format=auto,quality=80,width=300,onerror=redirect/products/afk-journey.jpg]
[static.tokogame.com/cdn-cgi/image/format=auto,quality=80,width=300,onerror=redirect/products/soul-land-new-world.png]
[static.tokogame.com/cdn-cgi/image/format=auto,quality=80,width=300,onerror=redirect/products/ragnarok-m-classic-20260716.jpg]
[static.tokogame.com/cdn-cgi/image/format=auto,quality=80,width=300,onerror=redirect/products/delta-force-pc.png]
[static.tokogame.com/cdn-cgi/image/format=auto,quality=80,width=300,onerror=redirect/products/indus-battle-royale.jpg]
[static.tokogame.com/cdn-cgi/image/format=auto,quality=80,width=300,onerror=redirect/products/garena-delta-force.jpg]
[static.tokogame.com/cdn-cgi/image/format=auto,quality=80,width=300,onerror=redirect/products/credits.jpg]
[static.tokogame.com/cdn-cgi/image/format=auto,quality=80,width=300,onerror=redirect/products/mobile-legends-adventure.png]
[static.tokogame.com/cdn-cgi/image/format=auto,quality=80,width=300,onerror=redirect/products/steam-vouchers.png]
[static.tokogame.com/cdn-cgi/image/format=auto,quality=80,width=300,onerror=redirect/products/google-play-voucher.jpg]
[static.tokogame.com/cdn-cgi/image/format=auto,quality=80,width=300,onerror=redirect/products/psn.jpg]
[static.tokogame.com/cdn-cgi/image/format=auto,quality=80,width=300,onerror=redirect/products/roblox-robux.png]
[static.tokogame.com/cdn-cgi/image/format=auto,quality=80,width=300,onerror=redirect/products/vision_plus.png]
[static.tokogame.com/cdn-cgi/image/format=auto,quality=80,width=300,onerror=redirect/products/vidio.jpg]
[static.tokogame.com/cdn-cgi/image/format=auto,quality=80,width=300,onerror=redirect/products/pln.jpg]
[static.tokogame.com/cdn-cgi/image/format=auto,quality=80,width=300,onerror=redirect/products/candy-crush-saga.png]
[static.tokogame.com/cdn-cgi/image/format=auto,quality=80,width=300,onerror=redirect/products/fortnite-v-bucks.jpg]
[static.tokogame.com/cdn-cgi/image/format=auto,quality=80,width=300,onerror=redirect/products/monster-hunter-wilds.jpg]
[static.tokogame.com/cdn-cgi/image/format=auto,quality=80,width=300,onerror=redirect/products/xbox.jpg]
[static.tokogame.com/cdn-cgi/image/format=auto,quality=80,width=300,onerror=redirect/products/tiktok-live-coin-gift-card.png]
[static.tokogame.com/cdn-cgi/image/format=auto,quality=80,width=300,onerror=redirect/products/minecraft.png]
[static.tokogame.com/cdn-cgi/image/format=auto,quality=80,width=300,onerror=redirect/products/razer-gold-logo.jpg]
[static.tokogame.com/cdn-cgi/image/format=auto,quality=80,width=300,onerror=redirect/products/indosat.png]
[static.tokogame.com/cdn-cgi/image/format=auto,quality=80,width=300,onerror=redirect/products/tri.png]
[static.tokogame.com/cdn-cgi/image/format=auto,quality=80,width=300,onerror=redirect/products/telkomsel.png]
[static.tokogame.com/cdn-cgi/image/format=auto,quality=80,width=300,onerror=redirect/products/xl.png]
[static.tokogame.com/cdn-cgi/image/format=auto,quality=80,width=300,onerror=redirect/products/axis.png]
[static.tokogame.com/cdn-cgi/image/format=auto,quality=80,width=300,onerror=redirect/products/smartfren.png]
[static.tokogame.com/cdn-cgi/image/format=auto,quality=80,width=300,onerror=redirect/products/dana-logo.png]
[static.tokogame.com/cdn-cgi/image/format=auto,quality=80,width=300,onerror=redirect/products/ovo.jpg]
[static.tokogame.com/cdn-cgi/image/format=auto,quality=80,width=300,onerror=redirect/products/linkaja.png]
[static.tokogame.com/cdn-cgi/image/format=auto,quality=80,width=300,onerror=redirect/products/gopay.jpg]
[static.tokogame.com/cdn-cgi/image/format=auto,quality=80,width=300,onerror=redirect/products/shopeepay.jpg]
[static.tokogame.com/cdn-cgi/image/format=auto,quality=80,width=300,onerror=redirect/products/sakuku.png]
[static.tokogame.com/cdn-cgi/image/format=auto,quality=80,width=300,onerror=redirect/products/grab.png]
[www.tokogame.com/_next/static/media/whatsapp.6d917da7.svg]
[www.tokogame.com/_next/static/media/message.94b3b648.svg]
[www.tokogame.com/id-id.html]
[www.tokogame.com/assets/game.svg]
[www.tokogame.com/assets/promo.svg]
[www.tokogame.com/assets/chat.svg]
[www.tokogame.com/assets/voucher.svg]
[www.tokogame.com/cdn-cgi/scripts/7d0fa10a/cloudflare-static/rocket-loader.min.js]
[blog.tokogame.com/wp-content/uploads/2026/04/MLBB-Starlight-April-2026.jpg]
[blog.tokogame.com/wp-content/uploads/2026/03/PUBG-Mobile-8th-anniversary.jpg]
[blog.tokogame.com/wp-content/uploads/2026/03/MLBB-x-Naruto-Part-II.jpg]
[www.tokogame.com/en-id.html]
[blog.tokogame.com/wp-content/uploads/2026/03/pubg-mobile-x-apillo-automobil.jpg]
[static.tokogame.com/cdn-cgi/image/format=auto,quality=80,width=300,onerror=redirect/products/poppo-live.png]
[static.tokogame.com/cdn-cgi/image/format=auto,quality=80,width=300,onerror=redirect/products/zenless-zone-zero-20240627.png]
[static.tokogame.com/cdn-cgi/image/format=auto,quality=80,width=300,onerror=redirect/products/league-of-legends.jpg]
[static.tokogame.com/cdn-cgi/image/format=auto,quality=80,width=300,onerror=redirect/products/league-of-legends-promo.jpg]
[static.tokogame.com/cdn-cgi/image/format=auto,quality=80,width=300,onerror=redirect/products/garena-undawn.jpg]
[static.tokogame.com/cdn-cgi/image/format=auto,quality=80,width=300,onerror=redirect/products/black-clover-m.png]
[static.tokogame.com/cdn-cgi/image/format=auto,quality=80,width=300,onerror=redirect/products/jinjinjin.png]
[static.tokogame.com/cdn-cgi/image/format=auto,quality=80,width=300,onerror=redirect/products/revelation-mobile.jpg]
[static.tokogame.com/cdn-cgi/image/format=auto,quality=80,width=300,onerror=redirect/products/chamet-live-chat-party.png]
[static.tokogame.com/cdn-cgi/image/format=auto,quality=80,width=300,onerror=redirect/products/racing-master.png]
[static.tokogame.com/cdn-cgi/image/format=auto,quality=80,width=300,onerror=redirect/products/mango-live.jpg]
[static.tokogame.com/cdn-cgi/image/format=auto,quality=80,width=300,onerror=redirect/products/wesing-karaoke-party-live.jpg]
[static.tokogame.com/cdn-cgi/image/format=auto,quality=80,width=300,onerror=redirect/products/love-and-deepspace.png]
[static.tokogame.com/cdn-cgi/image/format=auto,quality=80,width=300,onerror=redirect/products/migo-live.png]
[static.tokogame.com/cdn-cgi/image/format=auto,quality=80,width=300,onerror=redirect/products/sausage-man-promo.jpg]
[static.tokogame.com/cdn-cgi/image/format=auto,quality=80,width=300,onerror=redirect/products/iqiyi.jpg]
[static.tokogame.com/products/binance-gift-card.avif]
[static.tokogame.com/cdn-cgi/image/format=auto,quality=80,width=300,onerror=redirect/products/gift-me-crypto.png]
[static.tokogame.com/cdn-cgi/image/format=auto,quality=80,width=300,onerror=redirect/products/tinder.jpg]
[static.tokogame.com/cdn-cgi/image/format=auto,quality=80,width=300,onerror=redirect/products/night-crows.jpg]
[static.tokogame.com/cdn-cgi/image/format=auto,quality=80,width=300,onerror=redirect/products/palworld.jpg]
[static.tokogame.com/cdn-cgi/image/format=auto,quality=80,width=300,onerror=redirect/products/throne-and-liberty.jpg]
[static.tokogame.com/cdn-cgi/image/format=auto,quality=80,width=300,onerror=redirect/products/turbo-vpn.jpg]
[static.tokogame.com/cdn-cgi/image/format=auto,quality=80,width=300,onerror=redirect/products/ugphone.png]
[www.tokogame.com/en-my.html]
[www.tokogame.com/assets/search.svg]
[www.tokogame.com/assets/Rectangle.svg]
[www.tokogame.com/assets/arrow.svg]
[www.tokogame.com/404]
[static.tokogame.com/index.html]
[www.tokogame.com/_next/static/css/b286fddf2223d8d5.css]
[www.tokogame.com/_next/static/css/0f72cdb4afc5757d.css]
[www.tokogame.com/assets/whatsapp.svg]
[www.tokogame.com/assets/icon-email.svg]
[www.tokogame.com/assets/icon-facebook.svg]
[www.tokogame.com/assets/icon-instagram.svg]
[www.tokogame.com/assets/icon-tiktok.svg]
[www.tokogame.com/assets/icon-twitter.svg]
[www.tokogame.com/assets/icon-youtube.svg]
[www.tokogame.com/_next/static/media/google-playstore.6ba3105b.svg]
[www.tokogame.com/assets/menu_icon.svg]
[www.tokogame.com/_next/static/media/whatsapp.6d917da7.svg]
[www.tokogame.com/_next/static/media/message.94b3b648.svg]
